[DEBUG] Shutting down 'noop' factory
